#===== Execution 1 =====

===============================================
LINUX SYSTEM HEALTH CHECK
===============================================

Hostname: ip-172-16-0-220
Uptime: 40 min
CPU Load: 0.00, 0.00, 0.00

Memory usage: 39%
Disk Space: 29%

========================
SYSTEM HEALTH: HEALTHY
========================

#===== Execution 2 =====

=========================
LINUX SYSTEM HEALTH CHECK
==========================

Hostname: ip-172-16-0-220
Uptime: 45 min
CPU Load: 0.00, 0.00, 0.00

Memory usage: 39%
Disk Space: 29%

========================
SYSTEM HEALTH: HEALTHY
========================

#===== Execution 3 =====

========================
LINUX SYSTEM HEALTH CHECK
=========================

Hostname: ip-172-16-0-220
Uptime: 50 min
CPU Load: 0.00, 0.00, 0.00

Memory usage: 39%
Disk Space: 29%

========================
SYSTEM HEALTH: HEALTHY
========================
